npm notice run mindpattern-mobile@1.0.0 npx
npm notice run 'react-native' bundle --platform android --dev false --entry-file index.js --max-workers 2 --bundle-output /tmp/mobile-independent-final-android.bundle --assets-dest /tmp/mobile-independent-final-android-assets

                        ▒▒▓▓▓▓▒▒
                     ▒▓▓▓▒▒░░▒▒▓▓▓▒
                  ▒▓▓▓▓░░░▒▒▒▒░░░▓▓▓▓▒
                 ▓▓▒▒▒▓▓▓▓▓▓▓▓▓▓▓▓▒▒▒▓▓
                 ▓▓░░░░░▒▓▓▓▓▓▓▒░░░░░▓▓
                 ▓▓░░▓▓▒░░░▒▒░░░▒▓▒░░▓▓
                 ▓▓░░▓▓▓▓▓▒▒▒▒▓▓▓▓▒░░▓▓
                 ▓▓░░▓▓▓▓▓▓▓▓▓▓▓▓▓▒░░▓▓
                 ▓▓▒░░▒▒▓▓▓▓▓▓▓▓▒░░░▒▓▓
                  ▒▓▓▓▒░░░▒▓▓▒░░░▒▓▓▓▒
                     ▒▓▓▓▒░░░░▒▓▓▓▒
                        ▒▒▓▓▓▓▒▒


                Welcome to Metro v0.87.1
              Fast - Scalable - Integrated


 WARN  Attempted to import the module "/Users/pradeepreddy/Desktop/mental_health_application/mobile/node_modules/react-native/src/private/featureflags/ReactNativeFeatureFlags" which is not listed in the "exports" of "/Users/pradeepreddy/Desktop/mental_health_application/mobile/node_modules/react-native" under the requested subpath "./src/private/featureflags/ReactNativeFeatureFlags". Falling back to file-based resolution. Consider updating the call site or asking the package maintainer(s) to expose this API.
transform[stderr]: (node:67872) Warning: The 'NO_COLOR' env is ignored due to the 'FORCE_COLOR' env being set.
transform[stderr]: (Use `node --trace-warnings ...` to show where the warning was created)
LOG:Writing bundle output to: /tmp/mobile-independent-final-android.bundle
LOG:Done writing bundle output
Copying 19 asset files
Done copying assets
