........................................................................ [  2%]
........................................................................ [  5%]
...................................s.................................... [  8%]
........................................................................ [ 11%]
........................................................................ [ 14%]
........................................................................ [ 17%]
........................................................................ [ 20%]
........................................................................ [ 23%]
........................................................................ [ 26%]
........................................................................ [ 29%]
........................................................................ [ 32%]
........................................................................ [ 35%]
........................................................................ [ 38%]
...............................s........................................ [ 41%]
........................................................................ [ 44%]
........................................................................ [ 47%]
........................................................................ [ 50%]
........................................................................ [ 53%]
........................................................................ [ 56%]
........................................................................ [ 59%]
........................................................................ [ 62%]
........................................................................ [ 65%]
........................................................................ [ 68%]
........................................................................ [ 71%]
........................................................................ [ 74%]
........................................................................ [ 77%]
........................................................................ [ 80%]
........................................................................ [ 83%]
........................................................................ [ 86%]
......................s................................................. [ 89%]
........................................................................ [ 92%]
........................................................................ [ 95%]
........................................................................ [ 98%]
..............................................                           [100%]
============================= slowest 10 durations =============================
6.21s call     tests/test_voice_fence_2026_09_29.py::TestTranscriptionDispatchIsFenced::test_translation_route_holds_the_lifecycle_lock
5.36s call     tests/test_property_based.py::test_parse_entries_adversarial_text_never_raises_and_roundtrips
5.19s call     tests/test_residual_architecture_2026_10_04.py::test_sqlite_indexes_close_every_connection_without_resource_warnings
5.13s call     tests/test_therapist_e2e_multipatient.py::test_act7_full_story_sequential
4.73s call     tests/test_therapist_e2e_multipatient.py::TestAct5Movement::test_rekey_kills_the_old_wrap_rewrap_restores
4.51s call     tests/test_therapist_e2e_multipatient.py::TestAct5Movement::test_revoke_blinds_regrant_restores_same_row
4.08s call     tests/test_therapist_e2e_multipatient.py::TestAct6Audit::test_every_action_is_audited_on_both_sides
4.05s call     tests/test_therapist_e2e_multipatient.py::TestAct1Linking::test_caseload_list_is_exactly_the_linked_patients
4.04s call     tests/test_therapist_e2e_multipatient.py::TestAct2Visibility::test_baseline_patient_visibility_is_phase_gated
4.03s call     tests/test_attack_resistance.py::TestPairingSingleUseUnderConcurrency::test_concurrent_grants_produce_exactly_one_consent
2419 passed, 3 skipped in 818.86s (0:13:38)
