test_collection_failure_and_skipped_only_oracles_are_not_kills (test_deep_mutation_runner.DeepMutationRunnerTests.test_collection_failure_and_skipped_only_oracles_are_not_kills) ... ok
test_completed_leader_does_not_leave_child_writing_after_oracle (test_deep_mutation_runner.DeepMutationRunnerTests.test_completed_leader_does_not_leave_child_writing_after_oracle) ... ok
test_empty_and_duplicate_control_ids_cannot_pass_vacuously (test_deep_mutation_runner.DeepMutationRunnerTests.test_empty_and_duplicate_control_ids_cannot_pass_vacuously) ... ok
test_failed_auxiliary_restoration_prevents_mutation_credit (test_deep_mutation_runner.DeepMutationRunnerTests.test_failed_auxiliary_restoration_prevents_mutation_credit) ... baseline 1/1 FAIL pass.log
Unmodified baselines failed; no mutants executed.
ok
test_failed_baseline_prevents_all_mutation_writes (test_deep_mutation_runner.DeepMutationRunnerTests.test_failed_baseline_prevents_all_mutation_writes) ... baseline 1/1 FAIL failed-baseline.log
Unmodified baselines failed; no mutants executed.
ok
test_mutation_identity_changes_with_replacement_and_target (test_deep_mutation_runner.DeepMutationRunnerTests.test_mutation_identity_changes_with_replacement_and_target) ... ok
test_output_hash_is_exact_log_bytes_even_for_invalid_utf8 (test_deep_mutation_runner.DeepMutationRunnerTests.test_output_hash_is_exact_log_bytes_even_for_invalid_utf8) ... ok
test_partial_selection_metadata_counts_only_executed_controls (test_deep_mutation_runner.DeepMutationRunnerTests.test_partial_selection_metadata_counts_only_executed_controls) ... baseline 1/1 PASS /var/folders/yy/8vxx571s72vbb5jg4zt6v2fm0000gn/T/tmp7j1syz92/partial/logs/baseline-aa248823dd9210cd.log
mutant 1/1 PART-1 KILLED
{
  "snapshot_sha256": "7eea2b595ac63824f004ebd2235a4953e0d505908c81d5bf09069c9d286d1864",
  "campaigns": 1,
  "mutants": 1,
  "completed": 1,
  "counts": {
    "KILLED": 1
  },
  "per_campaign": {
    "PART": {
      "KILLED": 1
    }
  },
  "passed": true
}
ok
test_passing_and_failing_assertions_have_distinct_real_verdicts (test_deep_mutation_runner.DeepMutationRunnerTests.test_passing_and_failing_assertions_have_distinct_real_verdicts) ... ok
test_postgres_resource_lock_serializes_same_database_including_baselines (test_deep_mutation_runner.DeepMutationRunnerTests.test_postgres_resource_lock_serializes_same_database_including_baselines) ... ok
test_restore_preserves_dependencies_and_never_follows_generated_symlinks (test_deep_mutation_runner.DeepMutationRunnerTests.test_restore_preserves_dependencies_and_never_follows_generated_symlinks) ... ok
test_timeout_is_explicit_and_never_behavioral_credit (test_deep_mutation_runner.DeepMutationRunnerTests.test_timeout_is_explicit_and_never_behavioral_credit) ... ok
test_timeout_kills_child_before_it_can_write_late_artifact (test_deep_mutation_runner.DeepMutationRunnerTests.test_timeout_kills_child_before_it_can_write_late_artifact) ... ok
test_workers_execute_every_control_from_frozen_source_and_restore_auxiliary_files (test_deep_mutation_runner.DeepMutationRunnerTests.test_workers_execute_every_control_from_frozen_source_and_restore_auxiliary_files) ... baseline 1/1 PASS /var/folders/yy/8vxx571s72vbb5jg4zt6v2fm0000gn/T/tmpn6nxltta/evidence/logs/baseline-aa248823dd9210cd.log
mutant 1/2 FROZEN-1 KILLED
mutant 2/2 FROZEN-2 KILLED
{
  "snapshot_sha256": "0c2d3e45df740903ee27d7f7b2c845c18fbfcaf3a2265f239053738dab2080f4",
  "campaigns": 1,
  "mutants": 2,
  "completed": 2,
  "counts": {
    "KILLED": 2
  },
  "per_campaign": {
    "FROZEN": {
      "KILLED": 2
    }
  },
  "passed": true
}
ok
test_codes_cover_response_constructions_and_status_defaults (test_documentation_checks.DocumentationChecksTests.test_codes_cover_response_constructions_and_status_defaults) ... ok
test_links_cannot_depend_on_files_outside_the_repository (test_documentation_checks.DocumentationChecksTests.test_links_cannot_depend_on_files_outside_the_repository) ... ok
test_links_resolve_relative_to_document_and_fail_after_target_is_removed (test_documentation_checks.DocumentationChecksTests.test_links_resolve_relative_to_document_and_fail_after_target_is_removed) ... ok
test_missing_default_map_cannot_silently_weaken_coverage (test_documentation_checks.DocumentationChecksTests.test_missing_default_map_cannot_silently_weaken_coverage) ... ok
test_json_escaped_journals_and_passwords_cannot_evade_detection (test_export_evidence.ExportPrivacyEvidenceTests.test_json_escaped_journals_and_passwords_cannot_evade_detection) ... ok
test_missing_or_substituted_binding_salt_and_version_fail (test_export_evidence.ExportPrivacyEvidenceTests.test_missing_or_substituted_binding_salt_and_version_fail) ... ok
test_plaintext_journal_and_password_in_unexpected_fields_fail (test_export_evidence.ExportPrivacyEvidenceTests.test_plaintext_journal_and_password_in_unexpected_fields_fail) ... ok
test_raw_keys_and_verifiers_fail_in_base64_hex_and_byte_array_forms (test_export_evidence.ExportPrivacyEvidenceTests.test_raw_keys_and_verifiers_fail_in_base64_hex_and_byte_array_forms) ... ok
test_required_recovery_metadata_is_allowed_without_claiming_plaintext_content (test_export_evidence.ExportPrivacyEvidenceTests.test_required_recovery_metadata_is_allowed_without_claiming_plaintext_content) ... ok
test_actual_test_and_finding_failures_are_recognized (test_mutation_preflight.OracleClassificationTests.test_actual_test_and_finding_failures_are_recognized) ... ok
test_executed_passing_controls_are_valid_baselines (test_mutation_preflight.OracleClassificationTests.test_executed_passing_controls_are_valid_baselines) ... ok
test_missing_malformed_or_error_verdicts_never_kill (test_mutation_preflight.OracleClassificationTests.test_missing_malformed_or_error_verdicts_never_kill) ... ok
test_redteam_baseline_requires_the_selected_control_to_be_observed_blocked (test_mutation_preflight.OracleClassificationTests.test_redteam_baseline_requires_the_selected_control_to_be_observed_blocked) ... ok
test_success_without_executed_passing_controls_is_not_a_baseline (test_mutation_preflight.OracleClassificationTests.test_success_without_executed_passing_controls_is_not_a_baseline) ... ok
test_all_direct_campaign_entrypoints_reject_bad_baselines_and_survivors (test_mutation_preflight.PreflightTests.test_all_direct_campaign_entrypoints_reject_bad_baselines_and_survivors) ... ok
test_artifact_cleanup_error_cannot_strand_mutated_application_source (test_mutation_preflight.PreflightTests.test_artifact_cleanup_error_cannot_strand_mutated_application_source) ... ok
test_baseline_failure_prevents_mutation_and_old_residual_ids_get_no_exemption (test_mutation_preflight.PreflightTests.test_baseline_failure_prevents_mutation_and_old_residual_ids_get_no_exemption) ... ok
test_client_helpers_configuration_and_dependencies_select_client_oracles (test_mutation_preflight.PreflightTests.test_client_helpers_configuration_and_dependencies_select_client_oracles) ... ok
test_current_selector_and_anchor_pass_without_any_file_change (test_mutation_preflight.PreflightTests.test_current_selector_and_anchor_pass_without_any_file_change) ... ok
test_deleted_or_renamed_test_selectors_fail (test_mutation_preflight.PreflightTests.test_deleted_or_renamed_test_selectors_fail) ... ok
test_diff_of_a_test_or_harness_selects_its_controls (test_mutation_preflight.PreflightTests.test_diff_of_a_test_or_harness_selects_its_controls) ... ok
test_gate_workflow_and_runtime_changes_select_all_controls (test_mutation_preflight.PreflightTests.test_gate_workflow_and_runtime_changes_select_all_controls) ... ok
test_inventory_rejects_duplicates_empty_lists_and_path_escape (test_mutation_preflight.PreflightTests.test_inventory_rejects_duplicates_empty_lists_and_path_escape) ... ok
test_malformed_json_and_wildcard_redteam_selector_are_setup_errors (test_mutation_preflight.PreflightTests.test_malformed_json_and_wildcard_redteam_selector_are_setup_errors) ... ok
test_python_dependency_changes_select_all_python_oracle_kinds (test_mutation_preflight.PreflightTests.test_python_dependency_changes_select_all_python_oracle_kinds) ... ok
test_real_baseline_and_mutant_probe_run_then_restore_exact_bytes (test_mutation_preflight.PreflightTests.test_real_baseline_and_mutant_probe_run_then_restore_exact_bytes) ... ok
test_shared_backend_helpers_and_fixtures_select_backend_oracles (test_mutation_preflight.PreflightTests.test_shared_backend_helpers_and_fixtures_select_backend_oracles) ... ok
test_shared_runner_config_and_redteam_common_select_only_their_oracles (test_mutation_preflight.PreflightTests.test_shared_runner_config_and_redteam_common_select_only_their_oracles) ... ok
test_stale_ambiguous_noop_and_invalid_python_mutations_fail_without_writing (test_mutation_preflight.PreflightTests.test_stale_ambiguous_noop_and_invalid_python_mutations_fail_without_writing) ... ok
test_workflow_triggers_cover_client_oracle_support (test_mutation_preflight.PreflightTests.test_workflow_triggers_cover_client_oracle_support) ... ok
test_absent_prefix_malformed_duplicate_and_empty_sections_fail (test_release_notes.ReleaseNotesTests.test_absent_prefix_malformed_duplicate_and_empty_sections_fail) ... ok
test_bare_and_prerelease_sections_are_literal (test_release_notes.ReleaseNotesTests.test_bare_and_prerelease_sections_are_literal) ... ok
test_both_workflow_paths_use_the_same_extractor (test_release_notes.ReleaseNotesTests.test_both_workflow_paths_use_the_same_extractor) ... ok
test_cli_fails_without_emitting_unrelated_notes (test_release_notes.ReleaseNotesTests.test_cli_fails_without_emitting_unrelated_notes) ... ok
test_exact_section_stops_before_next_release (test_release_notes.ReleaseNotesTests.test_exact_section_stops_before_next_release) ... ok
test_version_cannot_inject_a_regular_expression_or_heading (test_release_notes.ReleaseNotesTests.test_version_cannot_inject_a_regular_expression_or_heading) ... ok
test_promoted_corpus_is_byte_exact_and_normalizations_are_distinct (test_remediation_contracts.AadFixtureTests.test_promoted_corpus_is_byte_exact_and_normalizations_are_distinct) ... ok
test_combined_encryption_and_tag_use_one_secret_during_file_rotation (test_remediation_contracts.BackupRoundTripTests.test_combined_encryption_and_tag_use_one_secret_during_file_rotation) ... ok
test_default_file_secret_roundtrip_and_owner_only_artifacts (test_remediation_contracts.BackupRoundTripTests.test_default_file_secret_roundtrip_and_owner_only_artifacts) ... ok
test_in_place_change_after_authentication_cannot_change_decrypted_bytes (test_remediation_contracts.BackupRoundTripTests.test_in_place_change_after_authentication_cannot_change_decrypted_bytes) ... ok
test_long_common_prefix_keys_are_rejected_before_output (test_remediation_contracts.BackupRoundTripTests.test_long_common_prefix_keys_are_rejected_before_output) ... ok
test_mixed_sources_resolve_consistently_and_env_only_works (test_remediation_contracts.BackupRoundTripTests.test_mixed_sources_resolve_consistently_and_env_only_works) ... ok
test_multiline_keys_are_rejected_before_output (test_remediation_contracts.BackupRoundTripTests.test_multiline_keys_are_rejected_before_output) ... ok
test_tampered_or_missing_mac_emits_no_plaintext (test_remediation_contracts.BackupRoundTripTests.test_tampered_or_missing_mac_emits_no_plaintext) ... ok
test_complete_inventory_includes_voice (test_remediation_contracts.CampaignEvidenceTests.test_complete_inventory_includes_voice) ... ok
test_empty_or_error_campaign_cannot_look_complete (test_remediation_contracts.CampaignEvidenceTests.test_empty_or_error_campaign_cannot_look_complete) ... ok
test_partial_inventory_and_skipped_attack_cannot_pass (test_remediation_contracts.CampaignEvidenceTests.test_partial_inventory_and_skipped_attack_cannot_pass) ... ok
test_empty_pending_unknown_and_runtime_error_cannot_pass (test_remediation_contracts.MutationEvidenceTests.test_empty_pending_unknown_and_runtime_error_cannot_pass) ... ok
test_floor_is_inclusive_and_failures_are_real (test_remediation_contracts.MutationEvidenceTests.test_floor_is_inclusive_and_failures_are_real) ... ok
test_only_actual_terminal_kills_are_credited (test_remediation_contracts.MutationEvidenceTests.test_only_actual_terminal_kills_are_credited) ... ok
test_previous_kills_cannot_become_errors_or_ignored (test_remediation_contracts.MutationEvidenceTests.test_previous_kills_cannot_become_errors_or_ignored) ... ok

----------------------------------------------------------------------
Ran 65 tests in 8.448s

OK
